
Memory Configuration

Name             Origin             Length             Attributes
RAM              0x00000000         0x00004000         xrw
*default*        0x00000000         0xffffffff

Linker script and memory map

LOAD ./code/crt.o
LOAD ./code/vectors_designstart.o
LOAD ./code/main.o
START GROUP
LOAD /srv/gcc-arm-none-eabi-5_4-2016q3/bin/../lib/gcc/arm-none-eabi/5.4.1/armv6-m/libgcc.a
LOAD /srv/gcc-arm-none-eabi-5_4-2016q3/bin/../lib/gcc/arm-none-eabi/5.4.1/../../../../arm-none-eabi/lib/armv6-m/libc.a
END GROUP

.text           0x00000000      0x27c
                0x00000000                _stext = .
 CREATE_OBJECT_SYMBOLS
 *(.vectors)
 .vectors       0x00000000       0xc0 ./code/vectors_designstart.o
                0x00000000                gVectors
 *(.text)
 .text          0x000000c0       0x2c ./code/crt.o
                0x000000c0                ResetHandler
 .text          0x000000ec       0x68 ./code/vectors_designstart.o
                0x000000ec                NMI_Handler
                0x000000f0                HardFault_Handler
                0x000000f4                MemManage_Handler
                0x000000f8                BusFault_Handler
                0x000000fc                UsageFault_Handler
                0x00000100                SVC_Handler
                0x00000104                DebugMon_Handler
                0x00000108                PendSV_Handler
                0x0000010c                SysTick_Handler
                0x00000110                WAKEUP_IRQHandler
                0x00000114                C_CAN_IRQHandler
                0x00000118                SSP1_IRQHandler
                0x0000011c                I2C_IRQHandler
                0x00000120                CT16B0_IRQHandler
                0x00000124                CT16B1_IRQHandler
                0x00000128                CT32B0_IRQHandler
                0x0000012c                CT32B1_IRQHandler
                0x00000130                SSP0_IRQHandler
                0x00000134                UART_IRQHandler
                0x00000138                ADC_IRQHandler
                0x0000013c                WDT_IRQHandler
                0x00000140                BOD_IRQHandler
                0x00000144                PIO_3_IRQHandler
                0x00000148                PIO_2_IRQHandler
                0x0000014c                PIO_1_IRQHandler
                0x00000150                PIO_0_IRQHandler
 .text          0x00000154      0x128 ./code/main.o
                0x00000154                write_out_0
                0x0000016c                write_out_1
                0x00000184                write_out_2
                0x0000019c                write_out_3
                0x000001b4                set_out_invalid
                0x000001e4                read_out
                0x000001f4                read_switches
                0x00000210                check_switches
                0x00000240                wait_for_any_switch_data
                0x00000258                main
 *(.text.*)
                0x0000027c                . = ALIGN (0x4)
 *(.rodata)
 *(.rodata.*)
                0x0000027c                . = ALIGN (0x4)
                0x0000027c                _etext = .

.glue_7         0x0000027c        0x0
 .glue_7        0x0000027c        0x0 linker stubs

.glue_7t        0x0000027c        0x0
 .glue_7t       0x0000027c        0x0 linker stubs

.vfp11_veneer   0x0000027c        0x0
 .vfp11_veneer  0x0000027c        0x0 linker stubs

.v4_bx          0x0000027c        0x0
 .v4_bx         0x0000027c        0x0 linker stubs

.iplt           0x0000027c        0x0
 .iplt          0x0000027c        0x0 ./code/crt.o

.rel.dyn        0x0000027c        0x0
 .rel.iplt      0x0000027c        0x0 ./code/crt.o

.data           0x0000027c        0x8
                0x0000027c                . = ALIGN (0x4)
                0x0000027c                _sdata = .
 *(.data)
 .data          0x0000027c        0x0 ./code/crt.o
 .data          0x0000027c        0x0 ./code/vectors_designstart.o
 .data          0x0000027c        0x8 ./code/main.o
                0x0000027c                SW_REGS
                0x00000280                OUT_REGS
 *(.data.*)
                0x00000284                . = ALIGN (0x4)
 *(.fastrun)
 *(.fastrun.*)
                0x00000284                . = ALIGN (0x4)
                0x00000284                _edata = .

.igot.plt       0x00000284        0x0
 .igot.plt      0x00000284        0x0 ./code/crt.o

.bss            0x00000284        0x0
                0x00000284                . = ALIGN (0x4)
                0x00000284                _sbss = .
 *(.bss)
 .bss           0x00000284        0x0 ./code/crt.o
 .bss           0x00000284        0x0 ./code/vectors_designstart.o
 .bss           0x00000284        0x0 ./code/main.o
 *(.bss.*)
                0x00000284                . = ALIGN (0x4)
                0x00000284                _ebss = .
                0x00004000                _estack = (ORIGIN (RAM) + LENGTH (RAM))

/DISCARD/
 *(.ARM.exidx*)
OUTPUT(test_designstart.elf elf32-littlearm)

.debug_info     0x00000000      0x591
 .debug_info    0x00000000       0xcb ./code/crt.o
 .debug_info    0x000000cb      0x297 ./code/vectors_designstart.o
 .debug_info    0x00000362      0x22f ./code/main.o

.debug_abbrev   0x00000000      0x1f4
 .debug_abbrev  0x00000000       0x7a ./code/crt.o
 .debug_abbrev  0x0000007a       0x82 ./code/vectors_designstart.o
 .debug_abbrev  0x000000fc       0xf8 ./code/main.o

.debug_loc      0x00000000      0x10c
 .debug_loc     0x00000000       0x2c ./code/crt.o
 .debug_loc     0x0000002c       0xe0 ./code/main.o

.debug_aranges  0x00000000       0x60
 .debug_aranges
                0x00000000       0x20 ./code/crt.o
 .debug_aranges
                0x00000020       0x20 ./code/vectors_designstart.o
 .debug_aranges
                0x00000040       0x20 ./code/main.o

.debug_line     0x00000000      0x2e0
 .debug_line    0x00000000       0xe1 ./code/crt.o
 .debug_line    0x000000e1       0xe6 ./code/vectors_designstart.o
 .debug_line    0x000001c7      0x119 ./code/main.o

.debug_str      0x00000000      0x3ff
 .debug_str     0x00000000      0x13d ./code/crt.o
                                0x17a (size before relaxing)
 .debug_str     0x0000013d      0x1e0 ./code/vectors_designstart.o
                                0x2aa (size before relaxing)
 .debug_str     0x0000031d       0xe2 ./code/main.o
                                0x232 (size before relaxing)

.comment        0x00000000       0x6e
 .comment       0x00000000       0x6e ./code/crt.o
                                 0x6f (size before relaxing)
 .comment       0x0000006e       0x6f ./code/vectors_designstart.o
 .comment       0x0000006e       0x6f ./code/main.o

.ARM.attributes
                0x00000000       0x31
 .ARM.attributes
                0x00000000       0x31 ./code/crt.o
 .ARM.attributes
                0x00000031       0x31 ./code/vectors_designstart.o
 .ARM.attributes
                0x00000062       0x31 ./code/main.o

.debug_frame    0x00000000      0x2b0
 .debug_frame   0x00000000       0x2c ./code/crt.o
 .debug_frame   0x0000002c      0x1b0 ./code/vectors_designstart.o
 .debug_frame   0x000001dc       0xd4 ./code/main.o

Cross Reference Table

Symbol                                            File
ADC_IRQHandler                                    ./code/vectors_designstart.o
BOD_IRQHandler                                    ./code/vectors_designstart.o
BusFault_Handler                                  ./code/vectors_designstart.o
CT16B0_IRQHandler                                 ./code/vectors_designstart.o
CT16B1_IRQHandler                                 ./code/vectors_designstart.o
CT32B0_IRQHandler                                 ./code/vectors_designstart.o
CT32B1_IRQHandler                                 ./code/vectors_designstart.o
C_CAN_IRQHandler                                  ./code/vectors_designstart.o
DebugMon_Handler                                  ./code/vectors_designstart.o
HardFault_Handler                                 ./code/vectors_designstart.o
I2C_IRQHandler                                    ./code/vectors_designstart.o
MemManage_Handler                                 ./code/vectors_designstart.o
NMI_Handler                                       ./code/vectors_designstart.o
OUT_REGS                                          ./code/main.o
PIO_0_IRQHandler                                  ./code/vectors_designstart.o
PIO_1_IRQHandler                                  ./code/vectors_designstart.o
PIO_2_IRQHandler                                  ./code/vectors_designstart.o
PIO_3_IRQHandler                                  ./code/vectors_designstart.o
PendSV_Handler                                    ./code/vectors_designstart.o
ResetHandler                                      ./code/crt.o
                                                  ./code/vectors_designstart.o
SSP0_IRQHandler                                   ./code/vectors_designstart.o
SSP1_IRQHandler                                   ./code/vectors_designstart.o
SVC_Handler                                       ./code/vectors_designstart.o
SW_REGS                                           ./code/main.o
SysTick_Handler                                   ./code/vectors_designstart.o
UART_IRQHandler                                   ./code/vectors_designstart.o
UsageFault_Handler                                ./code/vectors_designstart.o
WAKEUP_IRQHandler                                 ./code/vectors_designstart.o
WDT_IRQHandler                                    ./code/vectors_designstart.o
_ebss                                             ./code/crt.o
_estack                                           ./code/vectors_designstart.o
_sbss                                             ./code/crt.o
check_switches                                    ./code/main.o
gVectors                                          ./code/vectors_designstart.o
main                                              ./code/main.o
                                                  ./code/crt.o
read_out                                          ./code/main.o
read_switches                                     ./code/main.o
set_out_invalid                                   ./code/main.o
wait_for_any_switch_data                          ./code/main.o
write_out_0                                       ./code/main.o
write_out_1                                       ./code/main.o
write_out_2                                       ./code/main.o
write_out_3                                       ./code/main.o
